// Jest Snapshot v1, https://goo.gl/fbAQLP

exports[`containers/Information/snapshot 初期状態からshowSimilarWordsへStateが遷移した際に、Componentが正しく配置されている 1`] = `
ShallowWrapper {
  "length": 1,
  Symbol(enzyme.__root__): [Circular],
  Symbol(enzyme.__unrendered__): <Connect(Information)
    intl={
        Object {
            "defaultFormats": Object {},
            "defaultLocale": "en",
            "formatDate": [Function],
            "formatHTMLMessage": [Function],
            "formatMessage": [Function],
            "formatNumber": [Function],
            "formatPlural": [Function],
            "formatRelative": [Function],
            "formatTime": [Function],
            "formats": Object {},
            "formatters": Object {
              "getDateTimeFormat": [Function],
              "getMessageFormat": [Function],
              "getNumberFormat": [Function],
              "getPluralFormat": [Function],
              "getRelativeFormat": [Function],
            },
            "locale": "en",
            "messages": Object {
              "calculate": "計算",
              "description.input": "日本語の単語を空白で区切って入力し、計算ボタンをクリックしてください。",
              "description.input.supplement.1": "引き算を行う場合には、単語の先頭に『-』を付けます。",
              "description.input.supplement.2": "足し算を行う場合には、単語の先頭に『+』を付けることができます (基本的には付けなくても問題ありませんが、単語が『+』や『-』で始まる場合には必ず付けてください)。",
              "description.wordEmbedding": "単語をベクトル表現するための技術です。これを利用して、単語の足し算や引き算を行うことができます。",
              "errorMessage.default": "エラーが発生しました: {message}",
              "errorMessage.predict": "計算中にエラーが発生しました: {message}",
              "header.candidate": "候補",
              "header.cosine": "コサイン類似度 (-1 〜 1)",
              "header.keywords": "<キーワード>",
              "header.word": "単語",
              "title.description": "概要",
              "title.input": "入力",
              "title.result": "結果",
              "unknown": "(予測不能)",
            },
            "now": [Function],
            "textComponent": "span",
          }
    }
    store={
        Object {
            "dispatch": [Function],
            "getState": [Function],
            "replaceReducer": [Function],
            "subscribe": [Function],
            Symbol(observable): [Function],
          }
    }
/>,
  Symbol(enzyme.__renderer__): Object {
    "batchedUpdates": [Function],
    "getNode": [Function],
    "render": [Function],
    "simulateEvent": [Function],
    "unmount": [Function],
  },
  Symbol(enzyme.__node__): Object {
    "instance": null,
    "key": undefined,
    "nodeType": "class",
    "props": Object {
      "dispatch": [Function],
      "intl": Object {
        "defaultFormats": Object {},
        "defaultLocale": "en",
        "formatDate": [Function],
        "formatHTMLMessage": [Function],
        "formatMessage": [Function],
        "formatNumber": [Function],
        "formatPlural": [Function],
        "formatRelative": [Function],
        "formatTime": [Function],
        "formats": Object {},
        "formatters": Object {
          "getDateTimeFormat": [Function],
          "getMessageFormat": [Function],
          "getNumberFormat": [Function],
          "getPluralFormat": [Function],
          "getRelativeFormat": [Function],
        },
        "locale": "en",
        "messages": Object {
          "calculate": "計算",
          "description.input": "日本語の単語を空白で区切って入力し、計算ボタンをクリックしてください。",
          "description.input.supplement.1": "引き算を行う場合には、単語の先頭に『-』を付けます。",
          "description.input.supplement.2": "足し算を行う場合には、単語の先頭に『+』を付けることができます (基本的には付けなくても問題ありませんが、単語が『+』や『-』で始まる場合には必ず付けてください)。",
          "description.wordEmbedding": "単語をベクトル表現するための技術です。これを利用して、単語の足し算や引き算を行うことができます。",
          "errorMessage.default": "エラーが発生しました: {message}",
          "errorMessage.predict": "計算中にエラーが発生しました: {message}",
          "header.candidate": "候補",
          "header.cosine": "コサイン類似度 (-1 〜 1)",
          "header.keywords": "<キーワード>",
          "header.word": "単語",
          "title.description": "概要",
          "title.input": "入力",
          "title.result": "結果",
          "unknown": "(予測不能)",
        },
        "now": [Function],
        "textComponent": "span",
      },
      "similar": Array [
        Object {
          "cosine": 0.6129051446914673,
          "word": "女王",
        },
        Object {
          "cosine": 0.5734513998031616,
          "word": "大王",
        },
        Object {
          "cosine": 0.5623782873153687,
          "word": "王女",
        },
        Object {
          "cosine": 0.557570219039917,
          "word": "王妃",
        },
        Object {
          "cosine": 0.536829948425293,
          "word": "デュエルモンスターズビギナーズパック",
        },
        Object {
          "cosine": 0.5333640575408936,
          "word": "デュエルモンスターズエキスパート",
        },
        Object {
          "cosine": 0.5321550369262695,
          "word": "戯",
        },
        Object {
          "cosine": 0.5298371911048889,
          "word": "遊戯",
        },
        Object {
          "cosine": 0.5250808000564575,
          "word": "デュエルモンスターズ",
        },
        Object {
          "cosine": 0.525033175945282,
          "word": "王家",
        },
      ],
      "store": Object {
        "dispatch": [Function],
        "getState": [Function],
        "replaceReducer": [Function],
        "subscribe": [Function],
        Symbol(observable): [Function],
      },
      "storeSubscription": Subscription {
        "listeners": Object {
          "clear": [Function],
          "get": [Function],
          "notify": [Function],
          "subscribe": [Function],
        },
        "onStateChange": [Function],
        "parentSub": undefined,
        "store": Object {
          "dispatch": [Function],
          "getState": [Function],
          "replaceReducer": [Function],
          "subscribe": [Function],
          Symbol(observable): [Function],
        },
        "unsubscribe": [Function],
      },
    },
    "ref": null,
    "rendered": null,
    "type": [Function],
  },
  Symbol(enzyme.__nodes__): Array [
    Object {
      "instance": null,
      "key": undefined,
      "nodeType": "class",
      "props": Object {
        "dispatch": [Function],
        "intl": Object {
          "defaultFormats": Object {},
          "defaultLocale": "en",
          "formatDate": [Function],
          "formatHTMLMessage": [Function],
          "formatMessage": [Function],
          "formatNumber": [Function],
          "formatPlural": [Function],
          "formatRelative": [Function],
          "formatTime": [Function],
          "formats": Object {},
          "formatters": Object {
            "getDateTimeFormat": [Function],
            "getMessageFormat": [Function],
            "getNumberFormat": [Function],
            "getPluralFormat": [Function],
            "getRelativeFormat": [Function],
          },
          "locale": "en",
          "messages": Object {
            "calculate": "計算",
            "description.input": "日本語の単語を空白で区切って入力し、計算ボタンをクリックしてください。",
            "description.input.supplement.1": "引き算を行う場合には、単語の先頭に『-』を付けます。",
            "description.input.supplement.2": "足し算を行う場合には、単語の先頭に『+』を付けることができます (基本的には付けなくても問題ありませんが、単語が『+』や『-』で始まる場合には必ず付けてください)。",
            "description.wordEmbedding": "単語をベクトル表現するための技術です。これを利用して、単語の足し算や引き算を行うことができます。",
            "errorMessage.default": "エラーが発生しました: {message}",
            "errorMessage.predict": "計算中にエラーが発生しました: {message}",
            "header.candidate": "候補",
            "header.cosine": "コサイン類似度 (-1 〜 1)",
            "header.keywords": "<キーワード>",
            "header.word": "単語",
            "title.description": "概要",
            "title.input": "入力",
            "title.result": "結果",
            "unknown": "(予測不能)",
          },
          "now": [Function],
          "textComponent": "span",
        },
        "similar": Array [
          Object {
            "cosine": 0.6129051446914673,
            "word": "女王",
          },
          Object {
            "cosine": 0.5734513998031616,
            "word": "大王",
          },
          Object {
            "cosine": 0.5623782873153687,
            "word": "王女",
          },
          Object {
            "cosine": 0.557570219039917,
            "word": "王妃",
          },
          Object {
            "cosine": 0.536829948425293,
            "word": "デュエルモンスターズビギナーズパック",
          },
          Object {
            "cosine": 0.5333640575408936,
            "word": "デュエルモンスターズエキスパート",
          },
          Object {
            "cosine": 0.5321550369262695,
            "word": "戯",
          },
          Object {
            "cosine": 0.5298371911048889,
            "word": "遊戯",
          },
          Object {
            "cosine": 0.5250808000564575,
            "word": "デュエルモンスターズ",
          },
          Object {
            "cosine": 0.525033175945282,
            "word": "王家",
          },
        ],
        "store": Object {
          "dispatch": [Function],
          "getState": [Function],
          "replaceReducer": [Function],
          "subscribe": [Function],
          Symbol(observable): [Function],
        },
        "storeSubscription": Subscription {
          "listeners": Object {
            "clear": [Function],
            "get": [Function],
            "notify": [Function],
            "subscribe": [Function],
          },
          "onStateChange": [Function],
          "parentSub": undefined,
          "store": Object {
            "dispatch": [Function],
            "getState": [Function],
            "replaceReducer": [Function],
            "subscribe": [Function],
            Symbol(observable): [Function],
          },
          "unsubscribe": [Function],
        },
      },
      "ref": null,
      "rendered": null,
      "type": [Function],
    },
  ],
  Symbol(enzyme.__options__): Object {
    "adapter": ReactSixteenAdapter {
      "options": Object {
        "enableComponentDidUpdateOnSetState": true,
      },
    },
    "context": Object {
      "intl": Object {
        "defaultFormats": Object {},
        "defaultLocale": "en",
        "formatDate": [Function],
        "formatHTMLMessage": [Function],
        "formatMessage": [Function],
        "formatNumber": [Function],
        "formatPlural": [Function],
        "formatRelative": [Function],
        "formatTime": [Function],
        "formats": Object {},
        "formatters": Object {
          "getDateTimeFormat": [Function],
          "getMessageFormat": [Function],
          "getNumberFormat": [Function],
          "getPluralFormat": [Function],
          "getRelativeFormat": [Function],
        },
        "locale": "en",
        "messages": Object {
          "calculate": "計算",
          "description.input": "日本語の単語を空白で区切って入力し、計算ボタンをクリックしてください。",
          "description.input.supplement.1": "引き算を行う場合には、単語の先頭に『-』を付けます。",
          "description.input.supplement.2": "足し算を行う場合には、単語の先頭に『+』を付けることができます (基本的には付けなくても問題ありませんが、単語が『+』や『-』で始まる場合には必ず付けてください)。",
          "description.wordEmbedding": "単語をベクトル表現するための技術です。これを利用して、単語の足し算や引き算を行うことができます。",
          "errorMessage.default": "エラーが発生しました: {message}",
          "errorMessage.predict": "計算中にエラーが発生しました: {message}",
          "header.candidate": "候補",
          "header.cosine": "コサイン類似度 (-1 〜 1)",
          "header.keywords": "<キーワード>",
          "header.word": "単語",
          "title.description": "概要",
          "title.input": "入力",
          "title.result": "結果",
          "unknown": "(予測不能)",
        },
        "now": [Function],
        "textComponent": "span",
      },
    },
  },
}
`;
